// Jest Snapshot v1, https://goo.gl/fbAQLP

exports[`<Content /> works 1`] = `
.c0 {
  position: relative;
  padding: 1rem;
  background: #FFFFFF;
}

.c0 .Select-control,
.c0 .Select.is-focused > .Select-control,
.c0 .Select.is-focused:not(.is-open) > .Select-control {
  border-radius: 0;
  outline: none;
  border: none;
  background: #f1f1f1;
  box-shadow: none;
  margin: 0.25rem 0 1rem;
}

<div
  className="c0"
/>
`;
